[freshcart.codescandy.com/pages/index-5.html]
[backblue.gif]
[fade.gif]
[index.html]
[freshcart.codescandy.com/assets/libs/tiny-slider/dist/tiny-slider.css]
[freshcart.codescandy.com/assets/libs/slick-carousel/slick/slick.css]
[freshcart.codescandy.com/assets/libs/slick-carousel/slick/slick-theme.css]
[freshcart.codescandy.com/assets/libs/bootstrap-icons/font/bootstrap-icons.min.css]
[freshcart.codescandy.com/assets/libs/feather-webfont/dist/feather-icons.css]
[freshcart.codescandy.com/assets/libs/simplebar/dist/simplebar.min.css]
[freshcart.codescandy.com/assets/css/theme.min.css]
[freshcart.codescandy.com/pages/account-orders.html]
[freshcart.codescandy.com/pages/index.html]
[freshcart.codescandy.com/pages/index-2.html]
[freshcart.codescandy.com/pages/index-3.html]
[freshcart.codescandy.com/pages/index-4.html]
[freshcart.codescandy.com/pages/shop-grid.html]
[freshcart.codescandy.com/pages/shop-grid-3-column.html]
[freshcart.codescandy.com/pages/shop-list.html]
[freshcart.codescandy.com/pages/shop-filter.html]
[freshcart.codescandy.com/pages/shop-fullwidth.html]
[freshcart.codescandy.com/pages/shop-single.html]
[freshcart.codescandy.com/pages/shop-single-2.html]
[freshcart.codescandy.com/pages/shop-wishlist.html]
[freshcart.codescandy.com/pages/shop-cart.html]
[freshcart.codescandy.com/pages/shop-checkout.html]
[freshcart.codescandy.com/pages/store-list.html]
[freshcart.codescandy.com/pages/store-grid.html]
[freshcart.codescandy.com/pages/store-single.html]
[freshcart.codescandy.com/assets/images/banner/menu-banner.jpg]
[freshcart.codescandy.com/pages/blog.html]
[freshcart.codescandy.com/pages/blog-single.html]
[freshcart.codescandy.com/pages/blog-category.html]
[freshcart.codescandy.com/pages/about.html]
[freshcart.codescandy.com/pages/404error.html]
[freshcart.codescandy.com/pages/contact.html]
[freshcart.codescandy.com/pages/signin.html]
[freshcart.codescandy.com/pages/signup.html]
[freshcart.codescandy.com/pages/forgot-password.html]
[freshcart.codescandy.com/pages/account-settings.html]
[freshcart.codescandy.com/pages/account-address.html]
[freshcart.codescandy.com/pages/account-payment-method.html]
[freshcart.codescandy.com/pages/account-notification.html]
[freshcart.codescandy.com/assets/images/products/product-img-1.jpg]
[freshcart.codescandy.com/assets/images/products/product-img-2.jpg]
[freshcart.codescandy.com/assets/images/products/product-img-3.jpg]
[freshcart.codescandy.com/assets/images/products/product-img-4.jpg]
[freshcart.codescandy.com/assets/images/products/product-img-5.jpg]
[freshcart.codescandy.com/assets/images/slider/hero-img-slider-1.jpg]
[freshcart.codescandy.com/assets/images/slider/hero-img-slider-2.jpg]
[freshcart.codescandy.com/assets/images/slider/hero-img-slider-3.jpg]
[freshcart.codescandy.com/assets/images/avatar/avatar-1.jpg]
[freshcart.codescandy.com/assets/images/category/category-snack-munchies.jpg]
[freshcart.codescandy.com/assets/images/category/category-dairy-bread-eggs.jpg]
[freshcart.codescandy.com/assets/images/category/category-tea-coffee-drinks.jpg]
[freshcart.codescandy.com/assets/images/category/category-bakery-biscuits.jpg]
[freshcart.codescandy.com/assets/images/category/category-atta-rice-dal.jpg]
[freshcart.codescandy.com/assets/images/category/category-chicken-meat-fish.jpg]
[freshcart.codescandy.com/assets/images/category/category-cleaning-essentials.jpg]
[freshcart.codescandy.com/pages/pages/shop-single.html]
[freshcart.codescandy.com/assets/images/products/deal-img.jpg]
[freshcart.codescandy.com/assets/images/category/category-instant-food.jpg]
[freshcart.codescandy.com/assets/images/category/category-baby-care.jpg]
[freshcart.codescandy.com/assets/images/category/category-pet-care.jpg]
[freshcart.codescandy.com/assets/images/blog/blog-img-1.jpg]
[freshcart.codescandy.com/assets/images/blog/blog-img-2.jpg]
[freshcart.codescandy.com/assets/images/blog/blog-img-3.jpg]
[freshcart.codescandy.com/assets/images/blog/blog-img-4.jpg]
[freshcart.codescandy.com/assets/images/banner/modal_img.jpg]
[freshcart.codescandy.com/assets/images/products/product-single-img-1.jpg]
[freshcart.codescandy.com/assets/images/products/product-single-img-2.jpg]
[freshcart.codescandy.com/assets/images/products/product-single-img-3.jpg]
[freshcart.codescandy.com/assets/images/products/product-single-img-4.jpg]
[freshcart.codescandy.com/assets/libs/bootstrap/dist/js/bootstrap.bundle.min.js]
[freshcart.codescandy.com/assets/libs/simplebar/dist/simplebar.min.js]
[freshcart.codescandy.com/assets/js/theme.min.js]
[freshcart.codescandy.com/assets/js/vendors/jquery.min.js]
[freshcart.codescandy.com/assets/libs/slick-carousel/slick/slick.min.js]
[freshcart.codescandy.com/assets/js/vendors/slick-slider.js]
[freshcart.codescandy.com/assets/libs/tiny-slider/dist/min/tiny-slider.js]
[freshcart.codescandy.com/assets/js/vendors/tns-slider.js]
[freshcart.codescandy.com/assets/js/vendors/zoom.js]
[freshcart.codescandy.com/assets/js/vendors/countdown.js]
[freshcart.codescandy.com/assets/libs/sticky-sidebar/dist/sticky-sidebar.min.js]
[freshcart.codescandy.com/assets/js/vendors/sticky.js]
[freshcart.codescandy.com/pages/index-5.html]
[freshcart.codescandy.com/assets/libs/tiny-slider/dist/tiny-slider.css]
[freshcart.codescandy.com/assets/libs/slick-carousel/slick/slick.css]
[freshcart.codescandy.com/assets/js/vendors/modal.js]
[freshcart.codescandy.com/assets/libs/slick-carousel/slick/ajax-loader.gif]
[freshcart.codescandy.com/assets/libs/slick-carousel/slick/fonts/slick.eot]
[freshcart.codescandy.com/assets/libs/slick-carousel/slick/fonts/slickd41d.eot]
[freshcart.codescandy.com/assets/libs/slick-carousel/slick/fonts/slick.woff]
[freshcart.codescandy.com/assets/libs/slick-carousel/slick/fonts/slick.ttf]
[freshcart.codescandy.com/assets/libs/slick-carousel/slick/slick-theme.css]
[freshcart.codescandy.com/assets/libs/slick-carousel/slick/fonts/slick.svg]
[freshcart.codescandy.com/assets/libs/bootstrap-icons/font/fonts/bootstrap-iconsafdf.woff2]
[freshcart.codescandy.com/assets/libs/bootstrap-icons/font/fonts/bootstrap-iconsafdf.woff]
[freshcart.codescandy.com/assets/libs/bootstrap-icons/font/bootstrap-icons.min.css]
[freshcart.codescandy.com/assets/libs/feather-webfont/dist/feather-icons5f41.eot]
[freshcart.codescandy.com/assets/libs/feather-webfont/dist/feather-icons5f41.woff]
[freshcart.codescandy.com/assets/libs/feather-webfont/dist/feather-icons.css]
[freshcart.codescandy.com/assets/libs/simplebar/dist/simplebar.min.css]
[freshcart.codescandy.com/assets/css/theme.min.css]
[freshcart.codescandy.com/assets/libs/feather-webfont/dist/feather-icons5f41.ttf]
[freshcart.codescandy.com/assets/js/vendors/validation.js]
[freshcart.codescandy.com/assets/images/products/product-img-6.jpg]
[freshcart.codescandy.com/pages/account-orders.html]
[freshcart.codescandy.com/pages/index.html]
[freshcart.codescandy.com/assets/images/banner/ad-banner-1.jpg]
[freshcart.codescandy.com/assets/images/banner/ad-banner-2.jpg]
[freshcart.codescandy.com/assets/images/banner/ad-banner-3.jpg]
[freshcart.codescandy.com/assets/images/category/category-fruits-vegetables.jpg]
[freshcart.codescandy.com/assets/images/category/category-cold-drinks-juices.jpg]
[freshcart.codescandy.com/assets/images/products/product-img-15.jpg]
[freshcart.codescandy.com/assets/images/products/product-img-16.jpg]
[freshcart.codescandy.com/assets/images/products/product-img-17.jpg]
[freshcart.codescandy.com/assets/images/products/product-img-18.jpg]
[freshcart.codescandy.com/assets/images/products/product-img-19.jpg]
[freshcart.codescandy.com/assets/images/products/product-img-7.jpg]
[freshcart.codescandy.com/assets/images/products/product-img-8.jpg]
[freshcart.codescandy.com/assets/images/products/product-img-9.jpg]
[freshcart.codescandy.com/assets/images/products/product-img-10.jpg]
[freshcart.codescandy.com/assets/images/png/iphone-2.png]
[freshcart.codescandy.com/pages/index-2.html]
[freshcart.codescandy.com/assets/images/slider/slider-image-1.jpg]
[freshcart.codescandy.com/assets/images/slider/slider-image-2.jpg]
[freshcart.codescandy.com/assets/images/slider/slider-image-3.jpg]
[freshcart.codescandy.com/assets/images/category/dairy-bread-eggs.png]
[freshcart.codescandy.com/assets/images/category/fruits-vegetables.png]
[freshcart.codescandy.com/assets/images/category/snack-munchies.png]
[freshcart.codescandy.com/assets/images/category/bakery-biscuits.png]
[freshcart.codescandy.com/assets/images/category/instant-food.png]
[freshcart.codescandy.com/assets/images/category/tea-coffee-drinks.png]
[freshcart.codescandy.com/assets/images/category/cold-drinks-juices.png]
[freshcart.codescandy.com/assets/images/category/chicken-meat-fish.png]
[freshcart.codescandy.com/assets/images/category/baby-care.png]
[freshcart.codescandy.com/assets/images/category/cleaning-essentials.png]
[freshcart.codescandy.com/assets/images/category/pet-care.png]
[freshcart.codescandy.com/assets/images/category/atta-rice-dal.png]
[freshcart.codescandy.com/assets/images/png/girl-email.png]
[freshcart.codescandy.com/pages/index-3.html]
[freshcart.codescandy.com/assets/images/banner/banner-4.jpg]
[freshcart.codescandy.com/assets/images/banner/ad-banner-4.jpg]
[freshcart.codescandy.com/assets/images/banner/ad-banner-5.jpg]
[freshcart.codescandy.com/assets/images/banner/ad-banner-6.jpg]
[freshcart.codescandy.com/pages/index-4.html]
[freshcart.codescandy.com/assets/libs/nouislider/dist/nouislider.min.css]
[freshcart.codescandy.com/assets/images/banner/assortment-citrus-fruits.png]
[freshcart.codescandy.com/assets/libs/nouislider/dist/nouislider.min.js]
[freshcart.codescandy.com/pages/shop-grid.html]
[freshcart.codescandy.com/pages/shop-grid-3-column.html]
[freshcart.codescandy.com/pages/shop-list.html]
[freshcart.codescandy.com/pages/shop-filter.html]
[freshcart.codescandy.com/pages/shop-fullwidth.html]
[freshcart.codescandy.com/assets/libs/wnumb/wNumb.min.js]
[freshcart.codescandy.com/assets/libs/dropzone/dist/min/dropzone.min.css]
[freshcart.codescandy.com/assets/images/avatar/avatar-10.jpg]
[freshcart.codescandy.com/assets/images/avatar/avatar-12.jpg]
[freshcart.codescandy.com/assets/images/avatar/avatar-9.jpg]
[freshcart.codescandy.com/assets/images/avatar/avatar-8.jpg]
[freshcart.codescandy.com/assets/libs/rater-js/index.js]
[freshcart.codescandy.com/pages/shop-single.html]
[freshcart.codescandy.com/pages/shop-single-2.html]
[freshcart.codescandy.com/pages/shop-wishlist.html]
[freshcart.codescandy.com/pages/shop-cart.html]
[freshcart.codescandy.com/assets/libs/dropzone/dist/min/dropzone.min.js]
[freshcart.codescandy.com/assets/js/vendors/dropzone.js]
[freshcart.codescandy.com/pages/shop-checkout.html]
[freshcart.codescandy.com/pages/store-list.html]
[freshcart.codescandy.com/pages/store-grid.html]
[freshcart.codescandy.com/pages/store-single.html]
[freshcart.codescandy.com/assets/libs/flatpickr/dist/flatpickr.min.js]
[freshcart.codescandy.com/assets/images/blog/blog-large.jpg]
[freshcart.codescandy.com/assets/images/blog/blog-img-5.jpg]
[freshcart.codescandy.com/assets/images/blog/blog-img-6.jpg]
[freshcart.codescandy.com/assets/images/blog/blog-img-7.jpg]
[freshcart.codescandy.com/assets/images/blog/blog-img-8.jpg]
[freshcart.codescandy.com/assets/images/blog/blog-img-9.jpg]
[freshcart.codescandy.com/pages/blog.html]
[freshcart.codescandy.com/assets/images/blog/blogImage.jpg]
[freshcart.codescandy.com/assets/images/blog/left-img.jpg]
[freshcart.codescandy.com/assets/images/blog/right-img.jpg]
[freshcart.codescandy.com/assets/images/avatar/avatar-4.jpg]
[freshcart.codescandy.com/pages/blog-single.html]
[freshcart.codescandy.com/pages/blog-category.html]
[freshcart.codescandy.com/assets/images/about/about-img.jpg]
[freshcart.codescandy.com/assets/images/about/team-1.png]
[freshcart.codescandy.com/assets/images/about/team-2.png]
[freshcart.codescandy.com/assets/images/about/team-3.png]
[freshcart.codescandy.com/assets/images/about/team-4.png]
[freshcart.codescandy.com/assets/images/about/team-5.png]
[freshcart.codescandy.com/pages/about.html]
[freshcart.codescandy.com/pages/404error.html]
[freshcart.codescandy.com/pages/contact.html]
[freshcart.codescandy.com/pages/signin.html]
[freshcart.codescandy.com/pages/signup.html]
[freshcart.codescandy.com/pages/forgot-password.html]
[freshcart.codescandy.com/pages/account-settings.html]
[freshcart.codescandy.com/pages/account-address.html]
[freshcart.codescandy.com/assets/js/vendors/password.js]
[freshcart.codescandy.com/assets/libs/imask/dist/imask.min.js]
[freshcart.codescandy.com/pages/account-payment-method.html]
[freshcart.codescandy.com/pages/account-notification.html]
[freshcart.codescandy.com/pages/pages/shop-single.html]
[freshcart.codescandy.com/assets/libs/slick-carousel/slick/fonts/slick.svg]
[freshcart.codescandy.com/assets/libs/nouislider/dist/nouislider.min.css]
[freshcart.codescandy.com/assets/libs/dropzone/dist/min/dropzone.min.css]
[freshcart.codescandy.com/assets/js/vendors/inputmask.js]
